2026-06-06 13:16:54 DEBUG BaseModel:21 - Model add Started
2026-06-06 13:16:54 DEBUG BaseModel:108 - Model findBy EmailId Started
2026-06-06 13:16:54 INFO  MLog:80 - MLog clients using log4j logging.
2026-06-06 13:16:54 INFO  C3P0Registry:204 - Initializing c3p0-0.9.1.2 [built 21-May-2007 15:04:56; debug? true; trace: 10]
2026-06-06 13:16:54 DEBUG DynamicPooledDataSourceManagerMBean:236 - MBean: com.mchange.v2.c3p0:type=PooledDataSource[1hge161bi1798e7n5v5kpz|77659b30] registered.
2026-06-06 13:16:54 DEBUG BasicResourcePool:404 - incremented pending_acquires: 1
2026-06-06 13:16:54 DEBUG BasicResourcePool:289 - com.mchange.v2.resourcepool.BasicResourcePool@5a3bc7ed config: [start -> 1; min -> 1; max -> 5; inc -> 1; num_acq_attempts -> 30; acq_attempt_delay -> 1000; check_idle_resources_delay -> 0; mox_resource_age -> 0; max_idle_time -> 10000; excess_max_idle_time -> 0; destroy_unreturned_resc_time -> 0; expiration_enforcement_delay -> 2500; break_on_acquisition_failure -> false; debug_store_checkout_exceptions -> false]
2026-06-06 13:16:54 INFO  AbstractPoolBackedDataSource:462 - Initializing c3p0 pool... com.mchange.v2.c3p0.ComboPooledDataSource [ acquireIncrement -> 1, acquireRetryAttempts -> 30, acquireRetryDelay -> 1000, autoCommitOnClose -> false, automaticTestTable -> null, breakAfterAcquireFailure -> false, checkoutTimeout -> 0, connectionCustomizerClassName -> null, connectionTesterClassName -> com.mchange.v2.c3p0.impl.DefaultConnectionTester, dataSourceName -> 1hge161bi1798e7n5v5kpz|77659b30, debugUnreturnedConnectionStackTraces -> false, description -> null, driverClass -> com.mysql.cj.jdbc.Driver, factoryClassLocation -> null, forceIgnoreUnresolvedTransactions -> false, identityToken -> 1hge161bi1798e7n5v5kpz|77659b30, idleConnectionTestPeriod -> 0, initialPoolSize -> 1, jdbcUrl -> jdbc:mysql://localhost:3306/p04, maxAdministrativeTaskTime -> 0, maxConnectionAge -> 0, maxIdleTime -> 10, maxIdleTimeExcessConnections -> 0, maxPoolSize -> 5, maxStatements -> 0, maxStatementsPerConnection -> 0, minPoolSize -> 1, numHelperThreads -> 3, numThreadsAwaitingCheckoutDefaultUser -> 0, preferredTestQuery -> null, properties -> {password=******, user=******}, propertyCycle -> 0, testConnectionOnCheckin -> false, testConnectionOnCheckout -> false, unreturnedConnectionTimeout -> 0, usesTraditionalReflectiveProxies -> false ]
2026-06-06 13:16:54 DEBUG BasicResourcePool:538 - acquire test -- pool size: 0; target_pool_size: 1; desired target? 1
2026-06-06 13:16:54 DEBUG BasicResourcePool:404 - incremented pending_acquires: 2
2026-06-06 13:16:54 DEBUG BasicResourcePool:1291 - awaitAvailable(): [unknown]
2026-06-06 13:16:54 DEBUG BasicResourcePool:1644 - trace com.mchange.v2.resourcepool.BasicResourcePool@5a3bc7ed [managed: 0, unused: 0, excluded: 0]
2026-06-06 13:16:55 DEBUG C3P0PooledConnectionPool:217 - com.mchange.v2.c3p0.impl.C3P0PooledConnectionPool$1PooledConnectionResourcePoolManager@3d6bff92.acquireResource() returning. 
2026-06-06 13:16:55 DEBUG C3P0PooledConnectionPool:217 - com.mchange.v2.c3p0.impl.C3P0PooledConnectionPool$1PooledConnectionResourcePoolManager@3d6bff92.acquireResource() returning. 
2026-06-06 13:16:55 DEBUG BasicResourcePool:1644 - trace com.mchange.v2.resourcepool.BasicResourcePool@5a3bc7ed [managed: 1, unused: 1, excluded: 0]
2026-06-06 13:16:55 DEBUG BasicResourcePool:422 - decremented pending_acquires: 1
2026-06-06 13:16:55 DEBUG BasicResourcePool:1644 - trace com.mchange.v2.resourcepool.BasicResourcePool@5a3bc7ed [managed: 1, unused: 0, excluded: 0] (e.g. com.mchange.v2.c3p0.impl.NewPooledConnection@5ef9dd6a)
2026-06-06 13:16:55 DEBUG BasicResourcePool:1644 - trace com.mchange.v2.resourcepool.BasicResourcePool@5a3bc7ed [managed: 2, unused: 1, excluded: 0] (e.g. com.mchange.v2.c3p0.impl.NewPooledConnection@5ef9dd6a)
2026-06-06 13:16:55 DEBUG BasicResourcePool:422 - decremented pending_acquires: 0
2026-06-06 13:16:55 DEBUG BasicResourcePool:1644 - trace com.mchange.v2.resourcepool.BasicResourcePool@5a3bc7ed [managed: 2, unused: 1, excluded: 0] (e.g. com.mchange.v2.c3p0.impl.NewPooledConnection@5ef9dd6a)
2026-06-06 13:16:55 DEBUG NewProxyConnection:1260 - com.mchange.v2.c3p0.impl.NewProxyConnection@6ccdb29f: close() called more than once.
2026-06-06 13:16:55 DEBUG BaseModel:130 - Model findBy EmailId End
2026-06-06 13:16:55 DEBUG BasicResourcePool:1644 - trace com.mchange.v2.resourcepool.BasicResourcePool@5a3bc7ed [managed: 2, unused: 1, excluded: 0] (e.g. com.mchange.v2.c3p0.impl.NewPooledConnection@5ef9dd6a)
2026-06-06 13:16:55 DEBUG BaseModel:49 - Model nextPK Started
2026-06-06 13:16:55 DEBUG BasicResourcePool:1644 - trace com.mchange.v2.resourcepool.BasicResourcePool@5a3bc7ed [managed: 2, unused: 0, excluded: 0] (e.g. com.mchange.v2.c3p0.impl.NewPooledConnection@5ef9dd6a)
2026-06-06 13:16:55 DEBUG BasicResourcePool:1644 - trace com.mchange.v2.resourcepool.BasicResourcePool@5a3bc7ed [managed: 2, unused: 0, excluded: 0] (e.g. com.mchange.v2.c3p0.impl.NewPooledConnection@5ef9dd6a)
2026-06-06 13:16:55 DEBUG NewProxyConnection:1260 - com.mchange.v2.c3p0.impl.NewProxyConnection@61544ae6: close() called more than once.
2026-06-06 13:16:55 DEBUG BaseModel:68 - Model nextPK End
2026-06-06 13:16:55 DEBUG NewPooledConnection:430 - com.mchange.v2.c3p0.impl.NewPooledConnection@5ef9dd6a handling a throwable.
java.sql.SQLException: Column count doesn't match value count at row 1
	at com.mysql.cj.jdbc.exceptions.SQLError.createSQLException(SQLError.java:129) ~[mysql-connector-java-8.0.30.jar:8.0.30]
	at com.mysql.cj.jdbc.exceptions.SQLExceptionsMapping.translateException(SQLExceptionsMapping.java:122) ~[mysql-connector-java-8.0.30.jar:8.0.30]
	at com.mysql.cj.jdbc.ClientPreparedStatement.executeInternal(ClientPreparedStatement.java:916) ~[mysql-connector-java-8.0.30.jar:8.0.30]
	at com.mysql.cj.jdbc.ClientPreparedStatement.executeUpdateInternal(ClientPreparedStatement.java:1061) ~[mysql-connector-java-8.0.30.jar:8.0.30]
	at com.mysql.cj.jdbc.ClientPreparedStatement.executeUpdateInternal(ClientPreparedStatement.java:1009) ~[mysql-connector-java-8.0.30.jar:8.0.30]
	at com.mysql.cj.jdbc.ClientPreparedStatement.executeLargeUpdate(ClientPreparedStatement.java:1320) ~[mysql-connector-java-8.0.30.jar:8.0.30]
	at com.mysql.cj.jdbc.ClientPreparedStatement.executeUpdate(ClientPreparedStatement.java:994) ~[mysql-connector-java-8.0.30.jar:8.0.30]
	at com.mchange.v2.c3p0.impl.NewProxyPreparedStatement.executeUpdate(NewProxyPreparedStatement.java:105) [c3p0-0.9.1.2.jar:0.9.1.2]
	at com.sunilos.p4.model.ProductModel.add(ProductModel.java:47) [classes/:?]
	at com.sunilos.p4.model.test.TestProductModel.testadd(TestProductModel.java:32) [classes/:?]
	at com.sunilos.p4.model.test.TestProductModel.main(TestProductModel.java:14) [classes/:?]
2026-06-06 13:16:55 DEBUG SqlUtils:85 - Attempted to convert SQLException to SQLException. Leaving it alone. [SQLState: 21S01; errorCode: 1136]
java.sql.SQLException: Column count doesn't match value count at row 1
	at com.mysql.cj.jdbc.exceptions.SQLError.createSQLException(SQLError.java:129) ~[mysql-connector-java-8.0.30.jar:8.0.30]
	at com.mysql.cj.jdbc.exceptions.SQLExceptionsMapping.translateException(SQLExceptionsMapping.java:122) ~[mysql-connector-java-8.0.30.jar:8.0.30]
	at com.mysql.cj.jdbc.ClientPreparedStatement.executeInternal(ClientPreparedStatement.java:916) ~[mysql-connector-java-8.0.30.jar:8.0.30]
	at com.mysql.cj.jdbc.ClientPreparedStatement.executeUpdateInternal(ClientPreparedStatement.java:1061) ~[mysql-connector-java-8.0.30.jar:8.0.30]
	at com.mysql.cj.jdbc.ClientPreparedStatement.executeUpdateInternal(ClientPreparedStatement.java:1009) ~[mysql-connector-java-8.0.30.jar:8.0.30]
	at com.mysql.cj.jdbc.ClientPreparedStatement.executeLargeUpdate(ClientPreparedStatement.java:1320) ~[mysql-connector-java-8.0.30.jar:8.0.30]
	at com.mysql.cj.jdbc.ClientPreparedStatement.executeUpdate(ClientPreparedStatement.java:994) ~[mysql-connector-java-8.0.30.jar:8.0.30]
	at com.mchange.v2.c3p0.impl.NewProxyPreparedStatement.executeUpdate(NewProxyPreparedStatement.java:105) [c3p0-0.9.1.2.jar:0.9.1.2]
	at com.sunilos.p4.model.ProductModel.add(ProductModel.java:47) [classes/:?]
	at com.sunilos.p4.model.test.TestProductModel.testadd(TestProductModel.java:32) [classes/:?]
	at com.sunilos.p4.model.test.TestProductModel.main(TestProductModel.java:14) [classes/:?]
2026-06-06 13:16:55 DEBUG DefaultConnectionTester:126 - Testing a Connection in response to an Exception:
java.sql.SQLException: Column count doesn't match value count at row 1
	at com.mysql.cj.jdbc.exceptions.SQLError.createSQLException(SQLError.java:129) ~[mysql-connector-java-8.0.30.jar:8.0.30]
	at com.mysql.cj.jdbc.exceptions.SQLExceptionsMapping.translateException(SQLExceptionsMapping.java:122) ~[mysql-connector-java-8.0.30.jar:8.0.30]
	at com.mysql.cj.jdbc.ClientPreparedStatement.executeInternal(ClientPreparedStatement.java:916) ~[mysql-connector-java-8.0.30.jar:8.0.30]
	at com.mysql.cj.jdbc.ClientPreparedStatement.executeUpdateInternal(ClientPreparedStatement.java:1061) ~[mysql-connector-java-8.0.30.jar:8.0.30]
	at com.mysql.cj.jdbc.ClientPreparedStatement.executeUpdateInternal(ClientPreparedStatement.java:1009) ~[mysql-connector-java-8.0.30.jar:8.0.30]
	at com.mysql.cj.jdbc.ClientPreparedStatement.executeLargeUpdate(ClientPreparedStatement.java:1320) ~[mysql-connector-java-8.0.30.jar:8.0.30]
	at com.mysql.cj.jdbc.ClientPreparedStatement.executeUpdate(ClientPreparedStatement.java:994) ~[mysql-connector-java-8.0.30.jar:8.0.30]
	at com.mchange.v2.c3p0.impl.NewProxyPreparedStatement.executeUpdate(NewProxyPreparedStatement.java:105) [c3p0-0.9.1.2.jar:0.9.1.2]
	at com.sunilos.p4.model.ProductModel.add(ProductModel.java:47) [classes/:?]
	at com.sunilos.p4.model.test.TestProductModel.testadd(TestProductModel.java:32) [classes/:?]
	at com.sunilos.p4.model.test.TestProductModel.main(TestProductModel.java:14) [classes/:?]
2026-06-06 13:16:55 ERROR BaseModel:51 - Database Exception..
java.sql.SQLException: Column count doesn't match value count at row 1
	at com.mysql.cj.jdbc.exceptions.SQLError.createSQLException(SQLError.java:129) ~[mysql-connector-java-8.0.30.jar:8.0.30]
	at com.mysql.cj.jdbc.exceptions.SQLExceptionsMapping.translateException(SQLExceptionsMapping.java:122) ~[mysql-connector-java-8.0.30.jar:8.0.30]
	at com.mysql.cj.jdbc.ClientPreparedStatement.executeInternal(ClientPreparedStatement.java:916) ~[mysql-connector-java-8.0.30.jar:8.0.30]
	at com.mysql.cj.jdbc.ClientPreparedStatement.executeUpdateInternal(ClientPreparedStatement.java:1061) ~[mysql-connector-java-8.0.30.jar:8.0.30]
	at com.mysql.cj.jdbc.ClientPreparedStatement.executeUpdateInternal(ClientPreparedStatement.java:1009) ~[mysql-connector-java-8.0.30.jar:8.0.30]
	at com.mysql.cj.jdbc.ClientPreparedStatement.executeLargeUpdate(ClientPreparedStatement.java:1320) ~[mysql-connector-java-8.0.30.jar:8.0.30]
	at com.mysql.cj.jdbc.ClientPreparedStatement.executeUpdate(ClientPreparedStatement.java:994) ~[mysql-connector-java-8.0.30.jar:8.0.30]
	at com.mchange.v2.c3p0.impl.NewProxyPreparedStatement.executeUpdate(NewProxyPreparedStatement.java:105) ~[c3p0-0.9.1.2.jar:0.9.1.2]
	at com.sunilos.p4.model.ProductModel.add(ProductModel.java:47) [classes/:?]
	at com.sunilos.p4.model.test.TestProductModel.testadd(TestProductModel.java:32) [classes/:?]
	at com.sunilos.p4.model.test.TestProductModel.main(TestProductModel.java:14) [classes/:?]
2026-06-06 13:16:55 DEBUG BasicResourcePool:1644 - trace com.mchange.v2.resourcepool.BasicResourcePool@5a3bc7ed [managed: 2, unused: 1, excluded: 0] (e.g. com.mchange.v2.c3p0.impl.NewPooledConnection@5ef9dd6a)
2026-06-06 13:16:55 DEBUG NewProxyConnection:1260 - com.mchange.v2.c3p0.impl.NewProxyConnection@13330ac6: close() called more than once.
2026-06-06 13:20:59 DEBUG BaseModel:21 - Model add Started
2026-06-06 13:20:59 DEBUG BaseModel:108 - Model findBy EmailId Started
2026-06-06 13:20:59 INFO  MLog:80 - MLog clients using log4j logging.
2026-06-06 13:20:59 INFO  C3P0Registry:204 - Initializing c3p0-0.9.1.2 [built 21-May-2007 15:04:56; debug? true; trace: 10]
2026-06-06 13:20:59 DEBUG DynamicPooledDataSourceManagerMBean:236 - MBean: com.mchange.v2.c3p0:type=PooledDataSource[1hge161bi179dn611jgfny3|1ec9bd38] registered.
2026-06-06 13:20:59 DEBUG BasicResourcePool:404 - incremented pending_acquires: 1
2026-06-06 13:20:59 DEBUG BasicResourcePool:289 - com.mchange.v2.resourcepool.BasicResourcePool@6f44a157 config: [start -> 1; min -> 1; max -> 5; inc -> 1; num_acq_attempts -> 30; acq_attempt_delay -> 1000; check_idle_resources_delay -> 0; mox_resource_age -> 0; max_idle_time -> 10000; excess_max_idle_time -> 0; destroy_unreturned_resc_time -> 0; expiration_enforcement_delay -> 2500; break_on_acquisition_failure -> false; debug_store_checkout_exceptions -> false]
2026-06-06 13:20:59 INFO  AbstractPoolBackedDataSource:462 - Initializing c3p0 pool... com.mchange.v2.c3p0.ComboPooledDataSource [ acquireIncrement -> 1, acquireRetryAttempts -> 30, acquireRetryDelay -> 1000, autoCommitOnClose -> false, automaticTestTable -> null, breakAfterAcquireFailure -> false, checkoutTimeout -> 0, connectionCustomizerClassName -> null, connectionTesterClassName -> com.mchange.v2.c3p0.impl.DefaultConnectionTester, dataSourceName -> 1hge161bi179dn611jgfny3|1ec9bd38, debugUnreturnedConnectionStackTraces -> false, description -> null, driverClass -> com.mysql.cj.jdbc.Driver, factoryClassLocation -> null, forceIgnoreUnresolvedTransactions -> false, identityToken -> 1hge161bi179dn611jgfny3|1ec9bd38, idleConnectionTestPeriod -> 0, initialPoolSize -> 1, jdbcUrl -> jdbc:mysql://localhost:3306/p04, maxAdministrativeTaskTime -> 0, maxConnectionAge -> 0, maxIdleTime -> 10, maxIdleTimeExcessConnections -> 0, maxPoolSize -> 5, maxStatements -> 0, maxStatementsPerConnection -> 0, minPoolSize -> 1, numHelperThreads -> 3, numThreadsAwaitingCheckoutDefaultUser -> 0, preferredTestQuery -> null, properties -> {password=******, user=******}, propertyCycle -> 0, testConnectionOnCheckin -> false, testConnectionOnCheckout -> false, unreturnedConnectionTimeout -> 0, usesTraditionalReflectiveProxies -> false ]
2026-06-06 13:20:59 DEBUG BasicResourcePool:538 - acquire test -- pool size: 0; target_pool_size: 1; desired target? 1
2026-06-06 13:20:59 DEBUG BasicResourcePool:404 - incremented pending_acquires: 2
2026-06-06 13:20:59 DEBUG BasicResourcePool:1291 - awaitAvailable(): [unknown]
2026-06-06 13:20:59 DEBUG BasicResourcePool:1644 - trace com.mchange.v2.resourcepool.BasicResourcePool@6f44a157 [managed: 0, unused: 0, excluded: 0]
2026-06-06 13:20:59 DEBUG C3P0PooledConnectionPool:217 - com.mchange.v2.c3p0.impl.C3P0PooledConnectionPool$1PooledConnectionResourcePoolManager@117bddfd.acquireResource() returning. 
2026-06-06 13:20:59 DEBUG C3P0PooledConnectionPool:217 - com.mchange.v2.c3p0.impl.C3P0PooledConnectionPool$1PooledConnectionResourcePoolManager@117bddfd.acquireResource() returning. 
2026-06-06 13:20:59 DEBUG BasicResourcePool:1644 - trace com.mchange.v2.resourcepool.BasicResourcePool@6f44a157 [managed: 1, unused: 1, excluded: 0]
2026-06-06 13:20:59 DEBUG BasicResourcePool:422 - decremented pending_acquires: 1
2026-06-06 13:20:59 DEBUG BasicResourcePool:1644 - trace com.mchange.v2.resourcepool.BasicResourcePool@6f44a157 [managed: 1, unused: 0, excluded: 0] (e.g. com.mchange.v2.c3p0.impl.NewPooledConnection@77c5b3cf)
2026-06-06 13:20:59 DEBUG BasicResourcePool:1644 - trace com.mchange.v2.resourcepool.BasicResourcePool@6f44a157 [managed: 2, unused: 1, excluded: 0] (e.g. com.mchange.v2.c3p0.impl.NewPooledConnection@77c5b3cf)
2026-06-06 13:20:59 DEBUG BasicResourcePool:422 - decremented pending_acquires: 0
2026-06-06 13:20:59 DEBUG BasicResourcePool:1644 - trace com.mchange.v2.resourcepool.BasicResourcePool@6f44a157 [managed: 2, unused: 1, excluded: 0] (e.g. com.mchange.v2.c3p0.impl.NewPooledConnection@77c5b3cf)
2026-06-06 13:20:59 DEBUG NewProxyConnection:1260 - com.mchange.v2.c3p0.impl.NewProxyConnection@a3d9978: close() called more than once.
2026-06-06 13:20:59 DEBUG BaseModel:130 - Model findBy EmailId End
2026-06-06 13:20:59 DEBUG BasicResourcePool:1644 - trace com.mchange.v2.resourcepool.BasicResourcePool@6f44a157 [managed: 2, unused: 1, excluded: 0] (e.g. com.mchange.v2.c3p0.impl.NewPooledConnection@77c5b3cf)
2026-06-06 13:20:59 DEBUG BaseModel:49 - Model nextPK Started
2026-06-06 13:20:59 DEBUG BasicResourcePool:1644 - trace com.mchange.v2.resourcepool.BasicResourcePool@6f44a157 [managed: 2, unused: 0, excluded: 0] (e.g. com.mchange.v2.c3p0.impl.NewPooledConnection@77c5b3cf)
2026-06-06 13:20:59 DEBUG BasicResourcePool:1644 - trace com.mchange.v2.resourcepool.BasicResourcePool@6f44a157 [managed: 2, unused: 0, excluded: 0] (e.g. com.mchange.v2.c3p0.impl.NewPooledConnection@77c5b3cf)
2026-06-06 13:20:59 DEBUG NewProxyConnection:1260 - com.mchange.v2.c3p0.impl.NewProxyConnection@56928307: close() called more than once.
2026-06-06 13:20:59 DEBUG BaseModel:68 - Model nextPK End
2026-06-06 13:20:59 DEBUG NewPooledConnection:430 - com.mchange.v2.c3p0.impl.NewPooledConnection@77c5b3cf handling a throwable.
java.sql.SQLException: Column count doesn't match value count at row 1
	at com.mysql.cj.jdbc.exceptions.SQLError.createSQLException(SQLError.java:129) ~[mysql-connector-java-8.0.30.jar:8.0.30]
	at com.mysql.cj.jdbc.exceptions.SQLExceptionsMapping.translateException(SQLExceptionsMapping.java:122) ~[mysql-connector-java-8.0.30.jar:8.0.30]
	at com.mysql.cj.jdbc.ClientPreparedStatement.executeInternal(ClientPreparedStatement.java:916) ~[mysql-connector-java-8.0.30.jar:8.0.30]
	at com.mysql.cj.jdbc.ClientPreparedStatement.executeUpdateInternal(ClientPreparedStatement.java:1061) ~[mysql-connector-java-8.0.30.jar:8.0.30]
	at com.mysql.cj.jdbc.ClientPreparedStatement.executeUpdateInternal(ClientPreparedStatement.java:1009) ~[mysql-connector-java-8.0.30.jar:8.0.30]
	at com.mysql.cj.jdbc.ClientPreparedStatement.executeLargeUpdate(ClientPreparedStatement.java:1320) ~[mysql-connector-java-8.0.30.jar:8.0.30]
	at com.mysql.cj.jdbc.ClientPreparedStatement.executeUpdate(ClientPreparedStatement.java:994) ~[mysql-connector-java-8.0.30.jar:8.0.30]
	at com.mchange.v2.c3p0.impl.NewProxyPreparedStatement.executeUpdate(NewProxyPreparedStatement.java:105) [c3p0-0.9.1.2.jar:0.9.1.2]
	at com.sunilos.p4.model.ProductModel.add(ProductModel.java:47) [classes/:?]
	at com.sunilos.p4.model.test.TestProductModel.testadd(TestProductModel.java:32) [classes/:?]
	at com.sunilos.p4.model.test.TestProductModel.main(TestProductModel.java:14) [classes/:?]
2026-06-06 13:20:59 DEBUG SqlUtils:85 - Attempted to convert SQLException to SQLException. Leaving it alone. [SQLState: 21S01; errorCode: 1136]
java.sql.SQLException: Column count doesn't match value count at row 1
	at com.mysql.cj.jdbc.exceptions.SQLError.createSQLException(SQLError.java:129) ~[mysql-connector-java-8.0.30.jar:8.0.30]
	at com.mysql.cj.jdbc.exceptions.SQLExceptionsMapping.translateException(SQLExceptionsMapping.java:122) ~[mysql-connector-java-8.0.30.jar:8.0.30]
	at com.mysql.cj.jdbc.ClientPreparedStatement.executeInternal(ClientPreparedStatement.java:916) ~[mysql-connector-java-8.0.30.jar:8.0.30]
	at com.mysql.cj.jdbc.ClientPreparedStatement.executeUpdateInternal(ClientPreparedStatement.java:1061) ~[mysql-connector-java-8.0.30.jar:8.0.30]
	at com.mysql.cj.jdbc.ClientPreparedStatement.executeUpdateInternal(ClientPreparedStatement.java:1009) ~[mysql-connector-java-8.0.30.jar:8.0.30]
	at com.mysql.cj.jdbc.ClientPreparedStatement.executeLargeUpdate(ClientPreparedStatement.java:1320) ~[mysql-connector-java-8.0.30.jar:8.0.30]
	at com.mysql.cj.jdbc.ClientPreparedStatement.executeUpdate(ClientPreparedStatement.java:994) ~[mysql-connector-java-8.0.30.jar:8.0.30]
	at com.mchange.v2.c3p0.impl.NewProxyPreparedStatement.executeUpdate(NewProxyPreparedStatement.java:105) [c3p0-0.9.1.2.jar:0.9.1.2]
	at com.sunilos.p4.model.ProductModel.add(ProductModel.java:47) [classes/:?]
	at com.sunilos.p4.model.test.TestProductModel.testadd(TestProductModel.java:32) [classes/:?]
	at com.sunilos.p4.model.test.TestProductModel.main(TestProductModel.java:14) [classes/:?]
2026-06-06 13:20:59 DEBUG DefaultConnectionTester:126 - Testing a Connection in response to an Exception:
java.sql.SQLException: Column count doesn't match value count at row 1
	at com.mysql.cj.jdbc.exceptions.SQLError.createSQLException(SQLError.java:129) ~[mysql-connector-java-8.0.30.jar:8.0.30]
	at com.mysql.cj.jdbc.exceptions.SQLExceptionsMapping.translateException(SQLExceptionsMapping.java:122) ~[mysql-connector-java-8.0.30.jar:8.0.30]
	at com.mysql.cj.jdbc.ClientPreparedStatement.executeInternal(ClientPreparedStatement.java:916) ~[mysql-connector-java-8.0.30.jar:8.0.30]
	at com.mysql.cj.jdbc.ClientPreparedStatement.executeUpdateInternal(ClientPreparedStatement.java:1061) ~[mysql-connector-java-8.0.30.jar:8.0.30]
	at com.mysql.cj.jdbc.ClientPreparedStatement.executeUpdateInternal(ClientPreparedStatement.java:1009) ~[mysql-connector-java-8.0.30.jar:8.0.30]
	at com.mysql.cj.jdbc.ClientPreparedStatement.executeLargeUpdate(ClientPreparedStatement.java:1320) ~[mysql-connector-java-8.0.30.jar:8.0.30]
	at com.mysql.cj.jdbc.ClientPreparedStatement.executeUpdate(ClientPreparedStatement.java:994) ~[mysql-connector-java-8.0.30.jar:8.0.30]
	at com.mchange.v2.c3p0.impl.NewProxyPreparedStatement.executeUpdate(NewProxyPreparedStatement.java:105) [c3p0-0.9.1.2.jar:0.9.1.2]
	at com.sunilos.p4.model.ProductModel.add(ProductModel.java:47) [classes/:?]
	at com.sunilos.p4.model.test.TestProductModel.testadd(TestProductModel.java:32) [classes/:?]
	at com.sunilos.p4.model.test.TestProductModel.main(TestProductModel.java:14) [classes/:?]
2026-06-06 13:20:59 ERROR BaseModel:52 - Database Exception..
java.sql.SQLException: Column count doesn't match value count at row 1
	at com.mysql.cj.jdbc.exceptions.SQLError.createSQLException(SQLError.java:129) ~[mysql-connector-java-8.0.30.jar:8.0.30]
	at com.mysql.cj.jdbc.exceptions.SQLExceptionsMapping.translateException(SQLExceptionsMapping.java:122) ~[mysql-connector-java-8.0.30.jar:8.0.30]
	at com.mysql.cj.jdbc.ClientPreparedStatement.executeInternal(ClientPreparedStatement.java:916) ~[mysql-connector-java-8.0.30.jar:8.0.30]
	at com.mysql.cj.jdbc.ClientPreparedStatement.executeUpdateInternal(ClientPreparedStatement.java:1061) ~[mysql-connector-java-8.0.30.jar:8.0.30]
	at com.mysql.cj.jdbc.ClientPreparedStatement.executeUpdateInternal(ClientPreparedStatement.java:1009) ~[mysql-connector-java-8.0.30.jar:8.0.30]
	at com.mysql.cj.jdbc.ClientPreparedStatement.executeLargeUpdate(ClientPreparedStatement.java:1320) ~[mysql-connector-java-8.0.30.jar:8.0.30]
	at com.mysql.cj.jdbc.ClientPreparedStatement.executeUpdate(ClientPreparedStatement.java:994) ~[mysql-connector-java-8.0.30.jar:8.0.30]
	at com.mchange.v2.c3p0.impl.NewProxyPreparedStatement.executeUpdate(NewProxyPreparedStatement.java:105) ~[c3p0-0.9.1.2.jar:0.9.1.2]
	at com.sunilos.p4.model.ProductModel.add(ProductModel.java:47) [classes/:?]
	at com.sunilos.p4.model.test.TestProductModel.testadd(TestProductModel.java:32) [classes/:?]
	at com.sunilos.p4.model.test.TestProductModel.main(TestProductModel.java:14) [classes/:?]
2026-06-06 13:20:59 DEBUG BasicResourcePool:1644 - trace com.mchange.v2.resourcepool.BasicResourcePool@6f44a157 [managed: 2, unused: 1, excluded: 0] (e.g. com.mchange.v2.c3p0.impl.NewPooledConnection@77c5b3cf)
2026-06-06 13:20:59 DEBUG NewProxyConnection:1260 - com.mchange.v2.c3p0.impl.NewProxyConnection@5bf8fa12: close() called more than once.
2026-06-06 13:23:52 DEBUG BaseModel:21 - Model add Started
2026-06-06 13:23:52 DEBUG BaseModel:108 - Model findBy EmailId Started
2026-06-06 13:23:52 INFO  MLog:80 - MLog clients using log4j logging.
2026-06-06 13:23:52 INFO  C3P0Registry:204 - Initializing c3p0-0.9.1.2 [built 21-May-2007 15:04:56; debug? true; trace: 10]
2026-06-06 13:23:52 DEBUG DynamicPooledDataSourceManagerMBean:236 - MBean: com.mchange.v2.c3p0:type=PooledDataSource[1hge161bi179hcxvqnrwnb|1ec9bd38] registered.
2026-06-06 13:23:52 DEBUG BasicResourcePool:404 - incremented pending_acquires: 1
2026-06-06 13:23:52 DEBUG BasicResourcePool:289 - com.mchange.v2.resourcepool.BasicResourcePool@6f44a157 config: [start -> 1; min -> 1; max -> 5; inc -> 1; num_acq_attempts -> 30; acq_attempt_delay -> 1000; check_idle_resources_delay -> 0; mox_resource_age -> 0; max_idle_time -> 10000; excess_max_idle_time -> 0; destroy_unreturned_resc_time -> 0; expiration_enforcement_delay -> 2500; break_on_acquisition_failure -> false; debug_store_checkout_exceptions -> false]
2026-06-06 13:23:52 INFO  AbstractPoolBackedDataSource:462 - Initializing c3p0 pool... com.mchange.v2.c3p0.ComboPooledDataSource [ acquireIncrement -> 1, acquireRetryAttempts -> 30, acquireRetryDelay -> 1000, autoCommitOnClose -> false, automaticTestTable -> null, breakAfterAcquireFailure -> false, checkoutTimeout -> 0, connectionCustomizerClassName -> null, connectionTesterClassName -> com.mchange.v2.c3p0.impl.DefaultConnectionTester, dataSourceName -> 1hge161bi179hcxvqnrwnb|1ec9bd38, debugUnreturnedConnectionStackTraces -> false, description -> null, driverClass -> com.mysql.cj.jdbc.Driver, factoryClassLocation -> null, forceIgnoreUnresolvedTransactions -> false, identityToken -> 1hge161bi179hcxvqnrwnb|1ec9bd38, idleConnectionTestPeriod -> 0, initialPoolSize -> 1, jdbcUrl -> jdbc:mysql://localhost:3306/p04, maxAdministrativeTaskTime -> 0, maxConnectionAge -> 0, maxIdleTime -> 10, maxIdleTimeExcessConnections -> 0, maxPoolSize -> 5, maxStatements -> 0, maxStatementsPerConnection -> 0, minPoolSize -> 1, numHelperThreads -> 3, numThreadsAwaitingCheckoutDefaultUser -> 0, preferredTestQuery -> null, properties -> {password=******, user=******}, propertyCycle -> 0, testConnectionOnCheckin -> false, testConnectionOnCheckout -> false, unreturnedConnectionTimeout -> 0, usesTraditionalReflectiveProxies -> false ]
2026-06-06 13:23:52 DEBUG BasicResourcePool:538 - acquire test -- pool size: 0; target_pool_size: 1; desired target? 1
2026-06-06 13:23:52 DEBUG BasicResourcePool:404 - incremented pending_acquires: 2
2026-06-06 13:23:52 DEBUG BasicResourcePool:1291 - awaitAvailable(): [unknown]
2026-06-06 13:23:52 DEBUG BasicResourcePool:1644 - trace com.mchange.v2.resourcepool.BasicResourcePool@6f44a157 [managed: 0, unused: 0, excluded: 0]
2026-06-06 13:23:52 DEBUG C3P0PooledConnectionPool:217 - com.mchange.v2.c3p0.impl.C3P0PooledConnectionPool$1PooledConnectionResourcePoolManager@3610358d.acquireResource() returning. 
2026-06-06 13:23:52 DEBUG C3P0PooledConnectionPool:217 - com.mchange.v2.c3p0.impl.C3P0PooledConnectionPool$1PooledConnectionResourcePoolManager@3610358d.acquireResource() returning. 
2026-06-06 13:23:52 DEBUG BasicResourcePool:1644 - trace com.mchange.v2.resourcepool.BasicResourcePool@6f44a157 [managed: 1, unused: 1, excluded: 0]
2026-06-06 13:23:52 DEBUG BasicResourcePool:422 - decremented pending_acquires: 1
2026-06-06 13:23:52 DEBUG BasicResourcePool:1644 - trace com.mchange.v2.resourcepool.BasicResourcePool@6f44a157 [managed: 1, unused: 0, excluded: 0] (e.g. com.mchange.v2.c3p0.impl.NewPooledConnection@3fffcfa9)
2026-06-06 13:23:52 DEBUG BasicResourcePool:1644 - trace com.mchange.v2.resourcepool.BasicResourcePool@6f44a157 [managed: 2, unused: 1, excluded: 0] (e.g. com.mchange.v2.c3p0.impl.NewPooledConnection@3fffcfa9)
2026-06-06 13:23:52 DEBUG BasicResourcePool:422 - decremented pending_acquires: 0
2026-06-06 13:23:53 DEBUG BasicResourcePool:1644 - trace com.mchange.v2.resourcepool.BasicResourcePool@6f44a157 [managed: 2, unused: 1, excluded: 0] (e.g. com.mchange.v2.c3p0.impl.NewPooledConnection@3fffcfa9)
2026-06-06 13:23:53 DEBUG NewProxyConnection:1260 - com.mchange.v2.c3p0.impl.NewProxyConnection@7b420819: close() called more than once.
2026-06-06 13:23:53 DEBUG BaseModel:130 - Model findBy EmailId End
2026-06-06 13:23:53 DEBUG BasicResourcePool:1644 - trace com.mchange.v2.resourcepool.BasicResourcePool@6f44a157 [managed: 2, unused: 1, excluded: 0] (e.g. com.mchange.v2.c3p0.impl.NewPooledConnection@3fffcfa9)
2026-06-06 13:23:53 DEBUG BaseModel:49 - Model nextPK Started
2026-06-06 13:23:53 DEBUG BasicResourcePool:1644 - trace com.mchange.v2.resourcepool.BasicResourcePool@6f44a157 [managed: 2, unused: 0, excluded: 0] (e.g. com.mchange.v2.c3p0.impl.NewPooledConnection@3fffcfa9)
2026-06-06 13:23:53 DEBUG BasicResourcePool:1644 - trace com.mchange.v2.resourcepool.BasicResourcePool@6f44a157 [managed: 2, unused: 0, excluded: 0] (e.g. com.mchange.v2.c3p0.impl.NewPooledConnection@3fffcfa9)
2026-06-06 13:23:53 DEBUG NewProxyConnection:1260 - com.mchange.v2.c3p0.impl.NewProxyConnection@5d066c7d: close() called more than once.
2026-06-06 13:23:53 DEBUG BaseModel:68 - Model nextPK End
2026-06-06 13:23:53 DEBUG BasicResourcePool:1644 - trace com.mchange.v2.resourcepool.BasicResourcePool@6f44a157 [managed: 2, unused: 1, excluded: 0] (e.g. com.mchange.v2.c3p0.impl.NewPooledConnection@3fffcfa9)
2026-06-06 13:23:53 DEBUG BaseModel:63 - Model add End
2026-06-06 13:25:00 DEBUG BaseModel:21 - Model add Started
2026-06-06 13:25:00 DEBUG BaseModel:108 - Model findBy EmailId Started
2026-06-06 13:25:00 INFO  MLog:80 - MLog clients using log4j logging.
2026-06-06 13:25:00 INFO  C3P0Registry:204 - Initializing c3p0-0.9.1.2 [built 21-May-2007 15:04:56; debug? true; trace: 10]
2026-06-06 13:25:00 DEBUG DynamicPooledDataSourceManagerMBean:236 - MBean: com.mchange.v2.c3p0:type=PooledDataSource[1hge161bi179itir12df8f9|77659b30] registered.
2026-06-06 13:25:00 DEBUG BasicResourcePool:404 - incremented pending_acquires: 1
2026-06-06 13:25:00 DEBUG BasicResourcePool:289 - com.mchange.v2.resourcepool.BasicResourcePool@5a3bc7ed config: [start -> 1; min -> 1; max -> 5; inc -> 1; num_acq_attempts -> 30; acq_attempt_delay -> 1000; check_idle_resources_delay -> 0; mox_resource_age -> 0; max_idle_time -> 10000; excess_max_idle_time -> 0; destroy_unreturned_resc_time -> 0; expiration_enforcement_delay -> 2500; break_on_acquisition_failure -> false; debug_store_checkout_exceptions -> false]
2026-06-06 13:25:00 INFO  AbstractPoolBackedDataSource:462 - Initializing c3p0 pool... com.mchange.v2.c3p0.ComboPooledDataSource [ acquireIncrement -> 1, acquireRetryAttempts -> 30, acquireRetryDelay -> 1000, autoCommitOnClose -> false, automaticTestTable -> null, breakAfterAcquireFailure -> false, checkoutTimeout -> 0, connectionCustomizerClassName -> null, connectionTesterClassName -> com.mchange.v2.c3p0.impl.DefaultConnectionTester, dataSourceName -> 1hge161bi179itir12df8f9|77659b30, debugUnreturnedConnectionStackTraces -> false, description -> null, driverClass -> com.mysql.cj.jdbc.Driver, factoryClassLocation -> null, forceIgnoreUnresolvedTransactions -> false, identityToken -> 1hge161bi179itir12df8f9|77659b30, idleConnectionTestPeriod -> 0, initialPoolSize -> 1, jdbcUrl -> jdbc:mysql://localhost:3306/p04, maxAdministrativeTaskTime -> 0, maxConnectionAge -> 0, maxIdleTime -> 10, maxIdleTimeExcessConnections -> 0, maxPoolSize -> 5, maxStatements -> 0, maxStatementsPerConnection -> 0, minPoolSize -> 1, numHelperThreads -> 3, numThreadsAwaitingCheckoutDefaultUser -> 0, preferredTestQuery -> null, properties -> {password=******, user=******}, propertyCycle -> 0, testConnectionOnCheckin -> false, testConnectionOnCheckout -> false, unreturnedConnectionTimeout -> 0, usesTraditionalReflectiveProxies -> false ]
2026-06-06 13:25:00 DEBUG BasicResourcePool:538 - acquire test -- pool size: 0; target_pool_size: 1; desired target? 1
2026-06-06 13:25:00 DEBUG BasicResourcePool:404 - incremented pending_acquires: 2
2026-06-06 13:25:00 DEBUG BasicResourcePool:1291 - awaitAvailable(): [unknown]
2026-06-06 13:25:00 DEBUG BasicResourcePool:1644 - trace com.mchange.v2.resourcepool.BasicResourcePool@5a3bc7ed [managed: 0, unused: 0, excluded: 0]
2026-06-06 13:25:01 DEBUG C3P0PooledConnectionPool:217 - com.mchange.v2.c3p0.impl.C3P0PooledConnectionPool$1PooledConnectionResourcePoolManager@4b4655bc.acquireResource() returning. 
2026-06-06 13:25:01 DEBUG C3P0PooledConnectionPool:217 - com.mchange.v2.c3p0.impl.C3P0PooledConnectionPool$1PooledConnectionResourcePoolManager@4b4655bc.acquireResource() returning. 
2026-06-06 13:25:01 DEBUG BasicResourcePool:1644 - trace com.mchange.v2.resourcepool.BasicResourcePool@5a3bc7ed [managed: 1, unused: 1, excluded: 0]
2026-06-06 13:25:01 DEBUG BasicResourcePool:422 - decremented pending_acquires: 1
2026-06-06 13:25:01 DEBUG BasicResourcePool:1644 - trace com.mchange.v2.resourcepool.BasicResourcePool@5a3bc7ed [managed: 1, unused: 0, excluded: 0] (e.g. com.mchange.v2.c3p0.impl.NewPooledConnection@42757063)
2026-06-06 13:25:01 DEBUG BasicResourcePool:1644 - trace com.mchange.v2.resourcepool.BasicResourcePool@5a3bc7ed [managed: 2, unused: 1, excluded: 0] (e.g. com.mchange.v2.c3p0.impl.NewPooledConnection@42757063)
2026-06-06 13:25:01 DEBUG BasicResourcePool:422 - decremented pending_acquires: 0
2026-06-06 13:25:01 DEBUG BasicResourcePool:1644 - trace com.mchange.v2.resourcepool.BasicResourcePool@5a3bc7ed [managed: 2, unused: 1, excluded: 0] (e.g. com.mchange.v2.c3p0.impl.NewPooledConnection@42757063)
2026-06-06 13:25:01 DEBUG NewProxyConnection:1260 - com.mchange.v2.c3p0.impl.NewProxyConnection@6ccdb29f: close() called more than once.
2026-06-06 13:25:01 DEBUG BaseModel:130 - Model findBy EmailId End
2026-06-06 13:25:01 DEBUG BasicResourcePool:1644 - trace com.mchange.v2.resourcepool.BasicResourcePool@5a3bc7ed [managed: 2, unused: 1, excluded: 0] (e.g. com.mchange.v2.c3p0.impl.NewPooledConnection@42757063)
2026-06-06 13:25:01 DEBUG BaseModel:49 - Model nextPK Started
2026-06-06 13:25:01 DEBUG BasicResourcePool:1644 - trace com.mchange.v2.resourcepool.BasicResourcePool@5a3bc7ed [managed: 2, unused: 0, excluded: 0] (e.g. com.mchange.v2.c3p0.impl.NewPooledConnection@42757063)
2026-06-06 13:25:01 DEBUG BasicResourcePool:1644 - trace com.mchange.v2.resourcepool.BasicResourcePool@5a3bc7ed [managed: 2, unused: 0, excluded: 0] (e.g. com.mchange.v2.c3p0.impl.NewPooledConnection@42757063)
2026-06-06 13:25:01 DEBUG NewProxyConnection:1260 - com.mchange.v2.c3p0.impl.NewProxyConnection@61544ae6: close() called more than once.
2026-06-06 13:25:01 DEBUG BaseModel:68 - Model nextPK End
2026-06-06 13:25:01 DEBUG BasicResourcePool:1644 - trace com.mchange.v2.resourcepool.BasicResourcePool@5a3bc7ed [managed: 2, unused: 1, excluded: 0] (e.g. com.mchange.v2.c3p0.impl.NewPooledConnection@42757063)
2026-06-06 13:25:01 DEBUG BaseModel:63 - Model add End
2026-06-08 13:21:21 DEBUG BaseModel:21 - Model add Started
2026-06-08 13:21:21 DEBUG BaseModel:108 - Model findBy EmailId Started
2026-06-08 13:21:21 INFO  MLog:80 - MLog clients using log4j logging.
2026-06-08 13:21:21 INFO  C3P0Registry:204 - Initializing c3p0-0.9.1.2 [built 21-May-2007 15:04:56; debug? true; trace: 10]
2026-06-08 13:21:21 DEBUG DynamicPooledDataSourceManagerMBean:236 - MBean: com.mchange.v2.c3p0:type=PooledDataSource[1hge138bi1a49tq85rvc8v|77659b30] registered.
2026-06-08 13:21:21 DEBUG BasicResourcePool:404 - incremented pending_acquires: 1
2026-06-08 13:21:21 DEBUG BasicResourcePool:289 - com.mchange.v2.resourcepool.BasicResourcePool@5a3bc7ed config: [start -> 1; min -> 1; max -> 5; inc -> 1; num_acq_attempts -> 30; acq_attempt_delay -> 1000; check_idle_resources_delay -> 0; mox_resource_age -> 0; max_idle_time -> 10000; excess_max_idle_time -> 0; destroy_unreturned_resc_time -> 0; expiration_enforcement_delay -> 2500; break_on_acquisition_failure -> false; debug_store_checkout_exceptions -> false]
2026-06-08 13:21:21 INFO  AbstractPoolBackedDataSource:462 - Initializing c3p0 pool... com.mchange.v2.c3p0.ComboPooledDataSource [ acquireIncrement -> 1, acquireRetryAttempts -> 30, acquireRetryDelay -> 1000, autoCommitOnClose -> false, automaticTestTable -> null, breakAfterAcquireFailure -> false, checkoutTimeout -> 0, connectionCustomizerClassName -> null, connectionTesterClassName -> com.mchange.v2.c3p0.impl.DefaultConnectionTester, dataSourceName -> 1hge138bi1a49tq85rvc8v|77659b30, debugUnreturnedConnectionStackTraces -> false, description -> null, driverClass -> com.mysql.cj.jdbc.Driver, factoryClassLocation -> null, forceIgnoreUnresolvedTransactions -> false, identityToken -> 1hge138bi1a49tq85rvc8v|77659b30, idleConnectionTestPeriod -> 0, initialPoolSize -> 1, jdbcUrl -> jdbc:mysql://localhost:3306/p04, maxAdministrativeTaskTime -> 0, maxConnectionAge -> 0, maxIdleTime -> 10, maxIdleTimeExcessConnections -> 0, maxPoolSize -> 5, maxStatements -> 0, maxStatementsPerConnection -> 0, minPoolSize -> 1, numHelperThreads -> 3, numThreadsAwaitingCheckoutDefaultUser -> 0, preferredTestQuery -> null, properties -> {password=******, user=******}, propertyCycle -> 0, testConnectionOnCheckin -> false, testConnectionOnCheckout -> false, unreturnedConnectionTimeout -> 0, usesTraditionalReflectiveProxies -> false ]
2026-06-08 13:21:21 DEBUG BasicResourcePool:538 - acquire test -- pool size: 0; target_pool_size: 1; desired target? 1
2026-06-08 13:21:21 DEBUG BasicResourcePool:404 - incremented pending_acquires: 2
2026-06-08 13:21:21 DEBUG BasicResourcePool:1291 - awaitAvailable(): [unknown]
2026-06-08 13:21:21 DEBUG BasicResourcePool:1644 - trace com.mchange.v2.resourcepool.BasicResourcePool@5a3bc7ed [managed: 0, unused: 0, excluded: 0]
2026-06-08 13:21:22 DEBUG C3P0PooledConnectionPool:217 - com.mchange.v2.c3p0.impl.C3P0PooledConnectionPool$1PooledConnectionResourcePoolManager@317cff8e.acquireResource() returning. 
2026-06-08 13:21:22 DEBUG C3P0PooledConnectionPool:217 - com.mchange.v2.c3p0.impl.C3P0PooledConnectionPool$1PooledConnectionResourcePoolManager@317cff8e.acquireResource() returning. 
2026-06-08 13:21:22 DEBUG BasicResourcePool:1644 - trace com.mchange.v2.resourcepool.BasicResourcePool@5a3bc7ed [managed: 1, unused: 1, excluded: 0]
2026-06-08 13:21:22 DEBUG BasicResourcePool:422 - decremented pending_acquires: 1
2026-06-08 13:21:22 DEBUG BasicResourcePool:1644 - trace com.mchange.v2.resourcepool.BasicResourcePool@5a3bc7ed [managed: 1, unused: 0, excluded: 0] (e.g. com.mchange.v2.c3p0.impl.NewPooledConnection@741d3f82)
2026-06-08 13:21:22 DEBUG BasicResourcePool:1644 - trace com.mchange.v2.resourcepool.BasicResourcePool@5a3bc7ed [managed: 2, unused: 1, excluded: 0] (e.g. com.mchange.v2.c3p0.impl.NewPooledConnection@741d3f82)
2026-06-08 13:21:22 DEBUG BasicResourcePool:422 - decremented pending_acquires: 0
2026-06-08 13:21:22 DEBUG BasicResourcePool:1644 - trace com.mchange.v2.resourcepool.BasicResourcePool@5a3bc7ed [managed: 2, unused: 1, excluded: 0] (e.g. com.mchange.v2.c3p0.impl.NewPooledConnection@741d3f82)
2026-06-08 13:21:22 DEBUG NewProxyConnection:1260 - com.mchange.v2.c3p0.impl.NewProxyConnection@a3d9978: close() called more than once.
2026-06-08 13:57:37 DEBUG BaseModel:21 - Model add Started
2026-06-08 13:57:37 DEBUG BaseModel:108 - Model findBy EmailId Started
2026-06-08 13:57:37 INFO  MLog:80 - MLog clients using log4j logging.
2026-06-08 13:57:37 INFO  C3P0Registry:204 - Initializing c3p0-0.9.1.2 [built 21-May-2007 15:04:56; debug? true; trace: 10]
2026-06-08 13:57:37 DEBUG DynamicPooledDataSourceManagerMBean:236 - MBean: com.mchange.v2.c3p0:type=PooledDataSource[1hge138bi1a5kgev1ueaa40|77659b30] registered.
2026-06-08 13:57:37 DEBUG BasicResourcePool:404 - incremented pending_acquires: 1
2026-06-08 13:57:37 DEBUG BasicResourcePool:289 - com.mchange.v2.resourcepool.BasicResourcePool@5a3bc7ed config: [start -> 1; min -> 1; max -> 5; inc -> 1; num_acq_attempts -> 30; acq_attempt_delay -> 1000; check_idle_resources_delay -> 0; mox_resource_age -> 0; max_idle_time -> 10000; excess_max_idle_time -> 0; destroy_unreturned_resc_time -> 0; expiration_enforcement_delay -> 2500; break_on_acquisition_failure -> false; debug_store_checkout_exceptions -> false]
2026-06-08 13:57:37 INFO  AbstractPoolBackedDataSource:462 - Initializing c3p0 pool... com.mchange.v2.c3p0.ComboPooledDataSource [ acquireIncrement -> 1, acquireRetryAttempts -> 30, acquireRetryDelay -> 1000, autoCommitOnClose -> false, automaticTestTable -> null, breakAfterAcquireFailure -> false, checkoutTimeout -> 0, connectionCustomizerClassName -> null, connectionTesterClassName -> com.mchange.v2.c3p0.impl.DefaultConnectionTester, dataSourceName -> 1hge138bi1a5kgev1ueaa40|77659b30, debugUnreturnedConnectionStackTraces -> false, description -> null, driverClass -> com.mysql.cj.jdbc.Driver, factoryClassLocation -> null, forceIgnoreUnresolvedTransactions -> false, identityToken -> 1hge138bi1a5kgev1ueaa40|77659b30, idleConnectionTestPeriod -> 0, initialPoolSize -> 1, jdbcUrl -> jdbc:mysql://localhost:3306/p04, maxAdministrativeTaskTime -> 0, maxConnectionAge -> 0, maxIdleTime -> 10, maxIdleTimeExcessConnections -> 0, maxPoolSize -> 5, maxStatements -> 0, maxStatementsPerConnection -> 0, minPoolSize -> 1, numHelperThreads -> 3, numThreadsAwaitingCheckoutDefaultUser -> 0, preferredTestQuery -> null, properties -> {password=******, user=******}, propertyCycle -> 0, testConnectionOnCheckin -> false, testConnectionOnCheckout -> false, unreturnedConnectionTimeout -> 0, usesTraditionalReflectiveProxies -> false ]
2026-06-08 13:57:37 DEBUG BasicResourcePool:538 - acquire test -- pool size: 0; target_pool_size: 1; desired target? 1
2026-06-08 13:57:37 DEBUG BasicResourcePool:404 - incremented pending_acquires: 2
2026-06-08 13:57:37 DEBUG BasicResourcePool:1291 - awaitAvailable(): [unknown]
2026-06-08 13:57:37 DEBUG BasicResourcePool:1644 - trace com.mchange.v2.resourcepool.BasicResourcePool@5a3bc7ed [managed: 0, unused: 0, excluded: 0]
2026-06-08 13:57:37 DEBUG C3P0PooledConnectionPool:217 - com.mchange.v2.c3p0.impl.C3P0PooledConnectionPool$1PooledConnectionResourcePoolManager@38268975.acquireResource() returning. 
2026-06-08 13:57:37 DEBUG C3P0PooledConnectionPool:217 - com.mchange.v2.c3p0.impl.C3P0PooledConnectionPool$1PooledConnectionResourcePoolManager@38268975.acquireResource() returning. 
2026-06-08 13:57:37 DEBUG BasicResourcePool:1644 - trace com.mchange.v2.resourcepool.BasicResourcePool@5a3bc7ed [managed: 1, unused: 1, excluded: 0]
2026-06-08 13:57:37 DEBUG BasicResourcePool:1644 - trace com.mchange.v2.resourcepool.BasicResourcePool@5a3bc7ed [managed: 2, unused: 2, excluded: 0] (e.g. com.mchange.v2.c3p0.impl.NewPooledConnection@793aca2)
2026-06-08 13:57:37 DEBUG BasicResourcePool:422 - decremented pending_acquires: 1
2026-06-08 13:57:37 DEBUG BasicResourcePool:1644 - trace com.mchange.v2.resourcepool.BasicResourcePool@5a3bc7ed [managed: 2, unused: 1, excluded: 0] (e.g. com.mchange.v2.c3p0.impl.NewPooledConnection@793aca2)
2026-06-08 13:57:37 DEBUG BasicResourcePool:422 - decremented pending_acquires: 0
2026-06-08 13:57:37 DEBUG BasicResourcePool:1644 - trace com.mchange.v2.resourcepool.BasicResourcePool@5a3bc7ed [managed: 2, unused: 1, excluded: 0] (e.g. com.mchange.v2.c3p0.impl.NewPooledConnection@793aca2)
2026-06-08 13:59:17 DEBUG BaseModel:21 - Model add Started
2026-06-08 13:59:17 DEBUG BaseModel:108 - Model findBy EmailId Started
2026-06-08 13:59:17 INFO  MLog:80 - MLog clients using log4j logging.
2026-06-08 13:59:17 INFO  C3P0Registry:204 - Initializing c3p0-0.9.1.2 [built 21-May-2007 15:04:56; debug? true; trace: 10]
2026-06-08 13:59:17 DEBUG DynamicPooledDataSourceManagerMBean:236 - MBean: com.mchange.v2.c3p0:type=PooledDataSource[1hge138bi1a5mlyj1xniv9|77659b30] registered.
2026-06-08 13:59:17 DEBUG BasicResourcePool:404 - incremented pending_acquires: 1
2026-06-08 13:59:17 DEBUG BasicResourcePool:289 - com.mchange.v2.resourcepool.BasicResourcePool@5a3bc7ed config: [start -> 1; min -> 1; max -> 5; inc -> 1; num_acq_attempts -> 30; acq_attempt_delay -> 1000; check_idle_resources_delay -> 0; mox_resource_age -> 0; max_idle_time -> 10000; excess_max_idle_time -> 0; destroy_unreturned_resc_time -> 0; expiration_enforcement_delay -> 2500; break_on_acquisition_failure -> false; debug_store_checkout_exceptions -> false]
2026-06-08 13:59:17 INFO  AbstractPoolBackedDataSource:462 - Initializing c3p0 pool... com.mchange.v2.c3p0.ComboPooledDataSource [ acquireIncrement -> 1, acquireRetryAttempts -> 30, acquireRetryDelay -> 1000, autoCommitOnClose -> false, automaticTestTable -> null, breakAfterAcquireFailure -> false, checkoutTimeout -> 0, connectionCustomizerClassName -> null, connectionTesterClassName -> com.mchange.v2.c3p0.impl.DefaultConnectionTester, dataSourceName -> 1hge138bi1a5mlyj1xniv9|77659b30, debugUnreturnedConnectionStackTraces -> false, description -> null, driverClass -> com.mysql.cj.jdbc.Driver, factoryClassLocation -> null, forceIgnoreUnresolvedTransactions -> false, identityToken -> 1hge138bi1a5mlyj1xniv9|77659b30, idleConnectionTestPeriod -> 0, initialPoolSize -> 1, jdbcUrl -> jdbc:mysql://localhost:3306/p04, maxAdministrativeTaskTime -> 0, maxConnectionAge -> 0, maxIdleTime -> 10, maxIdleTimeExcessConnections -> 0, maxPoolSize -> 5, maxStatements -> 0, maxStatementsPerConnection -> 0, minPoolSize -> 1, numHelperThreads -> 3, numThreadsAwaitingCheckoutDefaultUser -> 0, preferredTestQuery -> null, properties -> {password=******, user=******}, propertyCycle -> 0, testConnectionOnCheckin -> false, testConnectionOnCheckout -> false, unreturnedConnectionTimeout -> 0, usesTraditionalReflectiveProxies -> false ]
2026-06-08 13:59:17 DEBUG BasicResourcePool:538 - acquire test -- pool size: 0; target_pool_size: 1; desired target? 1
2026-06-08 13:59:17 DEBUG BasicResourcePool:404 - incremented pending_acquires: 2
2026-06-08 13:59:17 DEBUG BasicResourcePool:1291 - awaitAvailable(): [unknown]
2026-06-08 13:59:17 DEBUG BasicResourcePool:1644 - trace com.mchange.v2.resourcepool.BasicResourcePool@5a3bc7ed [managed: 0, unused: 0, excluded: 0]
2026-06-08 13:59:18 DEBUG C3P0PooledConnectionPool:217 - com.mchange.v2.c3p0.impl.C3P0PooledConnectionPool$1PooledConnectionResourcePoolManager@694ae708.acquireResource() returning. 
2026-06-08 13:59:18 DEBUG C3P0PooledConnectionPool:217 - com.mchange.v2.c3p0.impl.C3P0PooledConnectionPool$1PooledConnectionResourcePoolManager@694ae708.acquireResource() returning. 
2026-06-08 13:59:18 DEBUG BasicResourcePool:1644 - trace com.mchange.v2.resourcepool.BasicResourcePool@5a3bc7ed [managed: 1, unused: 1, excluded: 0]
2026-06-08 13:59:18 DEBUG BasicResourcePool:422 - decremented pending_acquires: 1
2026-06-08 13:59:18 DEBUG BasicResourcePool:1644 - trace com.mchange.v2.resourcepool.BasicResourcePool@5a3bc7ed [managed: 1, unused: 0, excluded: 0] (e.g. com.mchange.v2.c3p0.impl.NewPooledConnection@1701976b)
2026-06-08 13:59:18 DEBUG BasicResourcePool:1644 - trace com.mchange.v2.resourcepool.BasicResourcePool@5a3bc7ed [managed: 2, unused: 1, excluded: 0] (e.g. com.mchange.v2.c3p0.impl.NewPooledConnection@1701976b)
2026-06-08 13:59:18 DEBUG BasicResourcePool:422 - decremented pending_acquires: 0
2026-06-08 13:59:18 DEBUG BasicResourcePool:1644 - trace com.mchange.v2.resourcepool.BasicResourcePool@5a3bc7ed [managed: 2, unused: 1, excluded: 0] (e.g. com.mchange.v2.c3p0.impl.NewPooledConnection@1701976b)
2026-06-08 13:59:18 DEBUG NewProxyConnection:1260 - com.mchange.v2.c3p0.impl.NewProxyConnection@7b420819: close() called more than once.
2026-06-08 13:59:44 DEBUG BaseModel:21 - Model add Started
2026-06-08 13:59:44 DEBUG BaseModel:108 - Model findBy EmailId Started
2026-06-08 13:59:44 INFO  MLog:80 - MLog clients using log4j logging.
2026-06-08 13:59:44 INFO  C3P0Registry:204 - Initializing c3p0-0.9.1.2 [built 21-May-2007 15:04:56; debug? true; trace: 10]
2026-06-08 13:59:44 DEBUG DynamicPooledDataSourceManagerMBean:236 - MBean: com.mchange.v2.c3p0:type=PooledDataSource[1hge138bi1a5n6xidxt3wj|77659b30] registered.
2026-06-08 13:59:44 DEBUG BasicResourcePool:404 - incremented pending_acquires: 1
2026-06-08 13:59:44 DEBUG BasicResourcePool:289 - com.mchange.v2.resourcepool.BasicResourcePool@5a3bc7ed config: [start -> 1; min -> 1; max -> 5; inc -> 1; num_acq_attempts -> 30; acq_attempt_delay -> 1000; check_idle_resources_delay -> 0; mox_resource_age -> 0; max_idle_time -> 10000; excess_max_idle_time -> 0; destroy_unreturned_resc_time -> 0; expiration_enforcement_delay -> 2500; break_on_acquisition_failure -> false; debug_store_checkout_exceptions -> false]
2026-06-08 13:59:44 INFO  AbstractPoolBackedDataSource:462 - Initializing c3p0 pool... com.mchange.v2.c3p0.ComboPooledDataSource [ acquireIncrement -> 1, acquireRetryAttempts -> 30, acquireRetryDelay -> 1000, autoCommitOnClose -> false, automaticTestTable -> null, breakAfterAcquireFailure -> false, checkoutTimeout -> 0, connectionCustomizerClassName -> null, connectionTesterClassName -> com.mchange.v2.c3p0.impl.DefaultConnectionTester, dataSourceName -> 1hge138bi1a5n6xidxt3wj|77659b30, debugUnreturnedConnectionStackTraces -> false, description -> null, driverClass -> com.mysql.cj.jdbc.Driver, factoryClassLocation -> null, forceIgnoreUnresolvedTransactions -> false, identityToken -> 1hge138bi1a5n6xidxt3wj|77659b30, idleConnectionTestPeriod -> 0, initialPoolSize -> 1, jdbcUrl -> jdbc:mysql://localhost:3306/p04, maxAdministrativeTaskTime -> 0, maxConnectionAge -> 0, maxIdleTime -> 10, maxIdleTimeExcessConnections -> 0, maxPoolSize -> 5, maxStatements -> 0, maxStatementsPerConnection -> 0, minPoolSize -> 1, numHelperThreads -> 3, numThreadsAwaitingCheckoutDefaultUser -> 0, preferredTestQuery -> null, properties -> {password=******, user=******}, propertyCycle -> 0, testConnectionOnCheckin -> false, testConnectionOnCheckout -> false, unreturnedConnectionTimeout -> 0, usesTraditionalReflectiveProxies -> false ]
2026-06-08 13:59:44 DEBUG BasicResourcePool:538 - acquire test -- pool size: 0; target_pool_size: 1; desired target? 1
2026-06-08 13:59:44 DEBUG BasicResourcePool:404 - incremented pending_acquires: 2
2026-06-08 13:59:44 DEBUG BasicResourcePool:1291 - awaitAvailable(): [unknown]
2026-06-08 13:59:44 DEBUG BasicResourcePool:1644 - trace com.mchange.v2.resourcepool.BasicResourcePool@5a3bc7ed [managed: 0, unused: 0, excluded: 0]
2026-06-08 13:59:45 DEBUG C3P0PooledConnectionPool:217 - com.mchange.v2.c3p0.impl.C3P0PooledConnectionPool$1PooledConnectionResourcePoolManager@4e34e0bb.acquireResource() returning. 
2026-06-08 13:59:45 DEBUG C3P0PooledConnectionPool:217 - com.mchange.v2.c3p0.impl.C3P0PooledConnectionPool$1PooledConnectionResourcePoolManager@4e34e0bb.acquireResource() returning. 
2026-06-08 13:59:45 DEBUG BasicResourcePool:1644 - trace com.mchange.v2.resourcepool.BasicResourcePool@5a3bc7ed [managed: 1, unused: 1, excluded: 0]
2026-06-08 13:59:45 DEBUG BasicResourcePool:422 - decremented pending_acquires: 1
2026-06-08 13:59:45 DEBUG BasicResourcePool:1644 - trace com.mchange.v2.resourcepool.BasicResourcePool@5a3bc7ed [managed: 1, unused: 0, excluded: 0] (e.g. com.mchange.v2.c3p0.impl.NewPooledConnection@6271dbb6)
2026-06-08 13:59:45 DEBUG BasicResourcePool:1644 - trace com.mchange.v2.resourcepool.BasicResourcePool@5a3bc7ed [managed: 2, unused: 1, excluded: 0] (e.g. com.mchange.v2.c3p0.impl.NewPooledConnection@6271dbb6)
2026-06-08 13:59:45 DEBUG BasicResourcePool:422 - decremented pending_acquires: 0
2026-06-08 13:59:45 DEBUG BasicResourcePool:1644 - trace com.mchange.v2.resourcepool.BasicResourcePool@5a3bc7ed [managed: 2, unused: 1, excluded: 0] (e.g. com.mchange.v2.c3p0.impl.NewPooledConnection@6271dbb6)
2026-06-08 22:53:59 DEBUG BaseModel:161 - Model delete Started
2026-06-08 22:53:59 INFO  MLog:80 - MLog clients using log4j logging.
2026-06-08 22:53:59 INFO  C3P0Registry:204 - Initializing c3p0-0.9.1.2 [built 21-May-2007 15:04:56; debug? true; trace: 10]
2026-06-08 22:53:59 DEBUG DynamicPooledDataSourceManagerMBean:236 - MBean: com.mchange.v2.c3p0:type=PooledDataSource[1hge773bi1aoq8ol1szjuw9|638ef7ed] registered.
2026-06-08 22:53:59 DEBUG BasicResourcePool:404 - incremented pending_acquires: 1
2026-06-08 22:53:59 DEBUG BasicResourcePool:289 - com.mchange.v2.resourcepool.BasicResourcePool@2d778add config: [start -> 1; min -> 1; max -> 5; inc -> 1; num_acq_attempts -> 30; acq_attempt_delay -> 1000; check_idle_resources_delay -> 0; mox_resource_age -> 0; max_idle_time -> 10000; excess_max_idle_time -> 0; destroy_unreturned_resc_time -> 0; expiration_enforcement_delay -> 2500; break_on_acquisition_failure -> false; debug_store_checkout_exceptions -> false]
2026-06-08 22:53:59 INFO  AbstractPoolBackedDataSource:462 - Initializing c3p0 pool... com.mchange.v2.c3p0.ComboPooledDataSource [ acquireIncrement -> 1, acquireRetryAttempts -> 30, acquireRetryDelay -> 1000, autoCommitOnClose -> false, automaticTestTable -> null, breakAfterAcquireFailure -> false, checkoutTimeout -> 0, connectionCustomizerClassName -> null, connectionTesterClassName -> com.mchange.v2.c3p0.impl.DefaultConnectionTester, dataSourceName -> 1hge773bi1aoq8ol1szjuw9|638ef7ed, debugUnreturnedConnectionStackTraces -> false, description -> null, driverClass -> com.mysql.cj.jdbc.Driver, factoryClassLocation -> null, forceIgnoreUnresolvedTransactions -> false, identityToken -> 1hge773bi1aoq8ol1szjuw9|638ef7ed, idleConnectionTestPeriod -> 0, initialPoolSize -> 1, jdbcUrl -> jdbc:mysql://localhost:3306/p04, maxAdministrativeTaskTime -> 0, maxConnectionAge -> 0, maxIdleTime -> 10, maxIdleTimeExcessConnections -> 0, maxPoolSize -> 5, maxStatements -> 0, maxStatementsPerConnection -> 0, minPoolSize -> 1, numHelperThreads -> 3, numThreadsAwaitingCheckoutDefaultUser -> 0, preferredTestQuery -> null, properties -> {password=******, user=******}, propertyCycle -> 0, testConnectionOnCheckin -> false, testConnectionOnCheckout -> false, unreturnedConnectionTimeout -> 0, usesTraditionalReflectiveProxies -> false ]
2026-06-08 22:53:59 DEBUG BasicResourcePool:538 - acquire test -- pool size: 0; target_pool_size: 1; desired target? 1
2026-06-08 22:53:59 DEBUG BasicResourcePool:404 - incremented pending_acquires: 2
2026-06-08 22:53:59 DEBUG BasicResourcePool:1291 - awaitAvailable(): [unknown]
2026-06-08 22:53:59 DEBUG BasicResourcePool:1644 - trace com.mchange.v2.resourcepool.BasicResourcePool@2d778add [managed: 0, unused: 0, excluded: 0]
2026-06-08 22:54:00 DEBUG C3P0PooledConnectionPool:217 - com.mchange.v2.c3p0.impl.C3P0PooledConnectionPool$1PooledConnectionResourcePoolManager@4a4ef9a1.acquireResource() returning. 
2026-06-08 22:54:00 DEBUG C3P0PooledConnectionPool:217 - com.mchange.v2.c3p0.impl.C3P0PooledConnectionPool$1PooledConnectionResourcePoolManager@4a4ef9a1.acquireResource() returning. 
2026-06-08 22:54:00 DEBUG BasicResourcePool:1644 - trace com.mchange.v2.resourcepool.BasicResourcePool@2d778add [managed: 1, unused: 1, excluded: 0]
2026-06-08 22:54:00 DEBUG BasicResourcePool:422 - decremented pending_acquires: 1
2026-06-08 22:54:00 DEBUG BasicResourcePool:1644 - trace com.mchange.v2.resourcepool.BasicResourcePool@2d778add [managed: 1, unused: 0, excluded: 0] (e.g. com.mchange.v2.c3p0.impl.NewPooledConnection@6330aab1)
2026-06-08 22:54:00 DEBUG BasicResourcePool:1644 - trace com.mchange.v2.resourcepool.BasicResourcePool@2d778add [managed: 2, unused: 1, excluded: 0] (e.g. com.mchange.v2.c3p0.impl.NewPooledConnection@6330aab1)
2026-06-08 22:54:00 DEBUG BasicResourcePool:422 - decremented pending_acquires: 0
2026-06-08 22:54:00 DEBUG BasicResourcePool:1644 - trace com.mchange.v2.resourcepool.BasicResourcePool@2d778add [managed: 2, unused: 1, excluded: 0] (e.g. com.mchange.v2.c3p0.impl.NewPooledConnection@6330aab1)
2026-06-08 22:54:00 DEBUG BaseModel:184 - Model delete Started
2026-06-08 22:54:00 DEBUG BaseModel:82 - Model findByPK Started
2026-06-08 22:54:00 DEBUG BasicResourcePool:1644 - trace com.mchange.v2.resourcepool.BasicResourcePool@2d778add [managed: 2, unused: 1, excluded: 0] (e.g. com.mchange.v2.c3p0.impl.NewPooledConnection@6330aab1)
2026-06-08 22:54:00 DEBUG BasicResourcePool:1644 - trace com.mchange.v2.resourcepool.BasicResourcePool@2d778add [managed: 2, unused: 1, excluded: 0] (e.g. com.mchange.v2.c3p0.impl.NewPooledConnection@6330aab1)
2026-06-08 22:54:00 DEBUG BaseModel:102 - Model findByPK End
2026-06-08 23:01:03 DEBUG BaseModel:82 - Model findByPK Started
2026-06-08 23:01:03 INFO  MLog:80 - MLog clients using log4j logging.
2026-06-08 23:01:03 INFO  C3P0Registry:204 - Initializing c3p0-0.9.1.2 [built 21-May-2007 15:04:56; debug? true; trace: 10]
2026-06-08 23:01:03 DEBUG DynamicPooledDataSourceManagerMBean:236 - MBean: com.mchange.v2.c3p0:type=PooledDataSource[1hge773bi1aozbxc1k5p8qn|3e62d773] registered.
2026-06-08 23:01:03 DEBUG BasicResourcePool:404 - incremented pending_acquires: 1
2026-06-08 23:01:03 DEBUG BasicResourcePool:289 - com.mchange.v2.resourcepool.BasicResourcePool@45a37759 config: [start -> 1; min -> 1; max -> 5; inc -> 1; num_acq_attempts -> 30; acq_attempt_delay -> 1000; check_idle_resources_delay -> 0; mox_resource_age -> 0; max_idle_time -> 10000; excess_max_idle_time -> 0; destroy_unreturned_resc_time -> 0; expiration_enforcement_delay -> 2500; break_on_acquisition_failure -> false; debug_store_checkout_exceptions -> false]
2026-06-08 23:01:03 INFO  AbstractPoolBackedDataSource:462 - Initializing c3p0 pool... com.mchange.v2.c3p0.ComboPooledDataSource [ acquireIncrement -> 1, acquireRetryAttempts -> 30, acquireRetryDelay -> 1000, autoCommitOnClose -> false, automaticTestTable -> null, breakAfterAcquireFailure -> false, checkoutTimeout -> 0, connectionCustomizerClassName -> null, connectionTesterClassName -> com.mchange.v2.c3p0.impl.DefaultConnectionTester, dataSourceName -> 1hge773bi1aozbxc1k5p8qn|3e62d773, debugUnreturnedConnectionStackTraces -> false, description -> null, driverClass -> com.mysql.cj.jdbc.Driver, factoryClassLocation -> null, forceIgnoreUnresolvedTransactions -> false, identityToken -> 1hge773bi1aozbxc1k5p8qn|3e62d773, idleConnectionTestPeriod -> 0, initialPoolSize -> 1, jdbcUrl -> jdbc:mysql://localhost:3306/p04, maxAdministrativeTaskTime -> 0, maxConnectionAge -> 0, maxIdleTime -> 10, maxIdleTimeExcessConnections -> 0, maxPoolSize -> 5, maxStatements -> 0, maxStatementsPerConnection -> 0, minPoolSize -> 1, numHelperThreads -> 3, numThreadsAwaitingCheckoutDefaultUser -> 0, preferredTestQuery -> null, properties -> {password=******, user=******}, propertyCycle -> 0, testConnectionOnCheckin -> false, testConnectionOnCheckout -> false, unreturnedConnectionTimeout -> 0, usesTraditionalReflectiveProxies -> false ]
2026-06-08 23:01:03 DEBUG BasicResourcePool:538 - acquire test -- pool size: 0; target_pool_size: 1; desired target? 1
2026-06-08 23:01:03 DEBUG BasicResourcePool:404 - incremented pending_acquires: 2
2026-06-08 23:01:03 DEBUG BasicResourcePool:1291 - awaitAvailable(): [unknown]
2026-06-08 23:01:03 DEBUG BasicResourcePool:1644 - trace com.mchange.v2.resourcepool.BasicResourcePool@45a37759 [managed: 0, unused: 0, excluded: 0]
2026-06-08 23:01:04 DEBUG C3P0PooledConnectionPool:217 - com.mchange.v2.c3p0.impl.C3P0PooledConnectionPool$1PooledConnectionResourcePoolManager@4d5adfaa.acquireResource() returning. 
2026-06-08 23:01:04 DEBUG C3P0PooledConnectionPool:217 - com.mchange.v2.c3p0.impl.C3P0PooledConnectionPool$1PooledConnectionResourcePoolManager@4d5adfaa.acquireResource() returning. 
2026-06-08 23:01:04 DEBUG BasicResourcePool:1644 - trace com.mchange.v2.resourcepool.BasicResourcePool@45a37759 [managed: 1, unused: 1, excluded: 0]
2026-06-08 23:01:04 DEBUG BasicResourcePool:422 - decremented pending_acquires: 1
2026-06-08 23:01:04 DEBUG BasicResourcePool:1644 - trace com.mchange.v2.resourcepool.BasicResourcePool@45a37759 [managed: 1, unused: 0, excluded: 0] (e.g. com.mchange.v2.c3p0.impl.NewPooledConnection@702de865)
2026-06-08 23:01:04 DEBUG BasicResourcePool:1644 - trace com.mchange.v2.resourcepool.BasicResourcePool@45a37759 [managed: 2, unused: 1, excluded: 0] (e.g. com.mchange.v2.c3p0.impl.NewPooledConnection@702de865)
2026-06-08 23:01:04 DEBUG BasicResourcePool:422 - decremented pending_acquires: 0
2026-06-08 23:01:04 DEBUG BasicResourcePool:1644 - trace com.mchange.v2.resourcepool.BasicResourcePool@45a37759 [managed: 2, unused: 1, excluded: 0] (e.g. com.mchange.v2.c3p0.impl.NewPooledConnection@702de865)
2026-06-08 23:01:04 DEBUG NewProxyConnection:1260 - com.mchange.v2.c3p0.impl.NewProxyConnection@416c58f5: close() called more than once.
2026-06-08 23:07:00 DEBUG BaseModel:69 - Model update Started
2026-06-08 23:07:00 DEBUG BaseModel:108 - Model findBy EmailId Started
2026-06-08 23:07:00 INFO  MLog:80 - MLog clients using log4j logging.
2026-06-08 23:07:00 INFO  C3P0Registry:204 - Initializing c3p0-0.9.1.2 [built 21-May-2007 15:04:56; debug? true; trace: 10]
2026-06-08 23:07:00 DEBUG DynamicPooledDataSourceManagerMBean:236 - MBean: com.mchange.v2.c3p0:type=PooledDataSource[1hge773bi1ap6ys516rtp5n|638ef7ed] registered.
2026-06-08 23:07:00 DEBUG BasicResourcePool:404 - incremented pending_acquires: 1
2026-06-08 23:07:00 DEBUG BasicResourcePool:289 - com.mchange.v2.resourcepool.BasicResourcePool@2d778add config: [start -> 1; min -> 1; max -> 5; inc -> 1; num_acq_attempts -> 30; acq_attempt_delay -> 1000; check_idle_resources_delay -> 0; mox_resource_age -> 0; max_idle_time -> 10000; excess_max_idle_time -> 0; destroy_unreturned_resc_time -> 0; expiration_enforcement_delay -> 2500; break_on_acquisition_failure -> false; debug_store_checkout_exceptions -> false]
2026-06-08 23:07:00 INFO  AbstractPoolBackedDataSource:462 - Initializing c3p0 pool... com.mchange.v2.c3p0.ComboPooledDataSource [ acquireIncrement -> 1, acquireRetryAttempts -> 30, acquireRetryDelay -> 1000, autoCommitOnClose -> false, automaticTestTable -> null, breakAfterAcquireFailure -> false, checkoutTimeout -> 0, connectionCustomizerClassName -> null, connectionTesterClassName -> com.mchange.v2.c3p0.impl.DefaultConnectionTester, dataSourceName -> 1hge773bi1ap6ys516rtp5n|638ef7ed, debugUnreturnedConnectionStackTraces -> false, description -> null, driverClass -> com.mysql.cj.jdbc.Driver, factoryClassLocation -> null, forceIgnoreUnresolvedTransactions -> false, identityToken -> 1hge773bi1ap6ys516rtp5n|638ef7ed, idleConnectionTestPeriod -> 0, initialPoolSize -> 1, jdbcUrl -> jdbc:mysql://localhost:3306/p04, maxAdministrativeTaskTime -> 0, maxConnectionAge -> 0, maxIdleTime -> 10, maxIdleTimeExcessConnections -> 0, maxPoolSize -> 5, maxStatements -> 0, maxStatementsPerConnection -> 0, minPoolSize -> 1, numHelperThreads -> 3, numThreadsAwaitingCheckoutDefaultUser -> 0, preferredTestQuery -> null, properties -> {password=******, user=******}, propertyCycle -> 0, testConnectionOnCheckin -> false, testConnectionOnCheckout -> false, unreturnedConnectionTimeout -> 0, usesTraditionalReflectiveProxies -> false ]
2026-06-08 23:07:00 DEBUG BasicResourcePool:538 - acquire test -- pool size: 0; target_pool_size: 1; desired target? 1
2026-06-08 23:07:00 DEBUG BasicResourcePool:404 - incremented pending_acquires: 2
2026-06-08 23:07:00 DEBUG BasicResourcePool:1291 - awaitAvailable(): [unknown]
2026-06-08 23:07:00 DEBUG BasicResourcePool:1644 - trace com.mchange.v2.resourcepool.BasicResourcePool@2d778add [managed: 0, unused: 0, excluded: 0]
2026-06-08 23:07:00 DEBUG C3P0PooledConnectionPool:217 - com.mchange.v2.c3p0.impl.C3P0PooledConnectionPool$1PooledConnectionResourcePoolManager@38cc90ca.acquireResource() returning. 
2026-06-08 23:07:00 DEBUG C3P0PooledConnectionPool:217 - com.mchange.v2.c3p0.impl.C3P0PooledConnectionPool$1PooledConnectionResourcePoolManager@38cc90ca.acquireResource() returning. 
2026-06-08 23:07:00 DEBUG BasicResourcePool:1644 - trace com.mchange.v2.resourcepool.BasicResourcePool@2d778add [managed: 1, unused: 1, excluded: 0]
2026-06-08 23:07:00 DEBUG BasicResourcePool:422 - decremented pending_acquires: 1
2026-06-08 23:07:00 DEBUG BasicResourcePool:1644 - trace com.mchange.v2.resourcepool.BasicResourcePool@2d778add [managed: 2, unused: 1, excluded: 0] (e.g. com.mchange.v2.c3p0.impl.NewPooledConnection@7b5e52c0)
2026-06-08 23:07:00 DEBUG BasicResourcePool:422 - decremented pending_acquires: 0
2026-06-08 23:07:00 DEBUG BasicResourcePool:1644 - trace com.mchange.v2.resourcepool.BasicResourcePool@2d778add [managed: 2, unused: 1, excluded: 0] (e.g. com.mchange.v2.c3p0.impl.NewPooledConnection@7b5e52c0)
2026-06-08 23:07:00 DEBUG BasicResourcePool:1644 - trace com.mchange.v2.resourcepool.BasicResourcePool@2d778add [managed: 2, unused: 1, excluded: 0] (e.g. com.mchange.v2.c3p0.impl.NewPooledConnection@7b5e52c0)
2026-06-08 23:07:00 DEBUG NewProxyConnection:1260 - com.mchange.v2.c3p0.impl.NewProxyConnection@6cce16f4: close() called more than once.
2026-06-08 23:07:00 DEBUG BaseModel:130 - Model findBy EmailId End
2026-06-08 23:07:00 DEBUG BasicResourcePool:1644 - trace com.mchange.v2.resourcepool.BasicResourcePool@2d778add [managed: 2, unused: 1, excluded: 0] (e.g. com.mchange.v2.c3p0.impl.NewPooledConnection@7b5e52c0)
2026-06-08 23:07:00 ERROR BaseModel:97 - Database Exception..
java.lang.NullPointerException: Cannot invoke "java.util.Date.getTime()" because the return value of "com.sunilos.p4.bean.ProductBean.getOrderDate()" is null
	at com.sunilos.p4.model.ProductModel.update(ProductModel.java:85) [classes/:?]
	at com.sunilos.p4.model.test.TestProductModel.testupdate(TestProductModel.java:69) [classes/:?]
	at com.sunilos.p4.model.test.TestProductModel.main(TestProductModel.java:19) [classes/:?]
2026-06-08 23:07:00 DEBUG BasicResourcePool:1644 - trace com.mchange.v2.resourcepool.BasicResourcePool@2d778add [managed: 2, unused: 1, excluded: 0] (e.g. com.mchange.v2.c3p0.impl.NewPooledConnection@7b5e52c0)
2026-06-08 23:07:57 DEBUG BaseModel:69 - Model update Started
2026-06-08 23:07:57 DEBUG BaseModel:108 - Model findBy EmailId Started
2026-06-08 23:07:57 INFO  MLog:80 - MLog clients using log4j logging.
2026-06-08 23:07:57 INFO  C3P0Registry:204 - Initializing c3p0-0.9.1.2 [built 21-May-2007 15:04:56; debug? true; trace: 10]
2026-06-08 23:07:57 DEBUG DynamicPooledDataSourceManagerMBean:236 - MBean: com.mchange.v2.c3p0:type=PooledDataSource[1hge773bi1ap86xscga6g7|638ef7ed] registered.
2026-06-08 23:07:57 DEBUG BasicResourcePool:404 - incremented pending_acquires: 1
2026-06-08 23:07:57 DEBUG BasicResourcePool:289 - com.mchange.v2.resourcepool.BasicResourcePool@2d778add config: [start -> 1; min -> 1; max -> 5; inc -> 1; num_acq_attempts -> 30; acq_attempt_delay -> 1000; check_idle_resources_delay -> 0; mox_resource_age -> 0; max_idle_time -> 10000; excess_max_idle_time -> 0; destroy_unreturned_resc_time -> 0; expiration_enforcement_delay -> 2500; break_on_acquisition_failure -> false; debug_store_checkout_exceptions -> false]
2026-06-08 23:07:57 INFO  AbstractPoolBackedDataSource:462 - Initializing c3p0 pool... com.mchange.v2.c3p0.ComboPooledDataSource [ acquireIncrement -> 1, acquireRetryAttempts -> 30, acquireRetryDelay -> 1000, autoCommitOnClose -> false, automaticTestTable -> null, breakAfterAcquireFailure -> false, checkoutTimeout -> 0, connectionCustomizerClassName -> null, connectionTesterClassName -> com.mchange.v2.c3p0.impl.DefaultConnectionTester, dataSourceName -> 1hge773bi1ap86xscga6g7|638ef7ed, debugUnreturnedConnectionStackTraces -> false, description -> null, driverClass -> com.mysql.cj.jdbc.Driver, factoryClassLocation -> null, forceIgnoreUnresolvedTransactions -> false, identityToken -> 1hge773bi1ap86xscga6g7|638ef7ed, idleConnectionTestPeriod -> 0, initialPoolSize -> 1, jdbcUrl -> jdbc:mysql://localhost:3306/p04, maxAdministrativeTaskTime -> 0, maxConnectionAge -> 0, maxIdleTime -> 10, maxIdleTimeExcessConnections -> 0, maxPoolSize -> 5, maxStatements -> 0, maxStatementsPerConnection -> 0, minPoolSize -> 1, numHelperThreads -> 3, numThreadsAwaitingCheckoutDefaultUser -> 0, preferredTestQuery -> null, properties -> {password=******, user=******}, propertyCycle -> 0, testConnectionOnCheckin -> false, testConnectionOnCheckout -> false, unreturnedConnectionTimeout -> 0, usesTraditionalReflectiveProxies -> false ]
2026-06-08 23:07:57 DEBUG BasicResourcePool:538 - acquire test -- pool size: 0; target_pool_size: 1; desired target? 1
2026-06-08 23:07:57 DEBUG BasicResourcePool:404 - incremented pending_acquires: 2
2026-06-08 23:07:57 DEBUG BasicResourcePool:1291 - awaitAvailable(): [unknown]
2026-06-08 23:07:57 DEBUG BasicResourcePool:1644 - trace com.mchange.v2.resourcepool.BasicResourcePool@2d778add [managed: 0, unused: 0, excluded: 0]
2026-06-08 23:07:57 DEBUG C3P0PooledConnectionPool:217 - com.mchange.v2.c3p0.impl.C3P0PooledConnectionPool$1PooledConnectionResourcePoolManager@2723fb16.acquireResource() returning. 
2026-06-08 23:07:57 DEBUG C3P0PooledConnectionPool:217 - com.mchange.v2.c3p0.impl.C3P0PooledConnectionPool$1PooledConnectionResourcePoolManager@2723fb16.acquireResource() returning. 
2026-06-08 23:07:57 DEBUG BasicResourcePool:1644 - trace com.mchange.v2.resourcepool.BasicResourcePool@2d778add [managed: 1, unused: 1, excluded: 0]
2026-06-08 23:07:57 DEBUG BasicResourcePool:422 - decremented pending_acquires: 1
2026-06-08 23:07:57 DEBUG BasicResourcePool:1644 - trace com.mchange.v2.resourcepool.BasicResourcePool@2d778add [managed: 1, unused: 0, excluded: 0] (e.g. com.mchange.v2.c3p0.impl.NewPooledConnection@768b8a96)
2026-06-08 23:07:57 DEBUG BasicResourcePool:1644 - trace com.mchange.v2.resourcepool.BasicResourcePool@2d778add [managed: 2, unused: 1, excluded: 0] (e.g. com.mchange.v2.c3p0.impl.NewPooledConnection@768b8a96)
2026-06-08 23:07:57 DEBUG BasicResourcePool:422 - decremented pending_acquires: 0
2026-06-08 23:07:57 DEBUG BasicResourcePool:1644 - trace com.mchange.v2.resourcepool.BasicResourcePool@2d778add [managed: 2, unused: 1, excluded: 0] (e.g. com.mchange.v2.c3p0.impl.NewPooledConnection@768b8a96)
2026-06-08 23:07:57 DEBUG NewProxyConnection:1260 - com.mchange.v2.c3p0.impl.NewProxyConnection@6cce16f4: close() called more than once.
2026-06-08 23:07:57 DEBUG BaseModel:130 - Model findBy EmailId End
2026-06-08 23:07:57 DEBUG BasicResourcePool:1644 - trace com.mchange.v2.resourcepool.BasicResourcePool@2d778add [managed: 2, unused: 1, excluded: 0] (e.g. com.mchange.v2.c3p0.impl.NewPooledConnection@768b8a96)
2026-06-08 23:07:57 ERROR BaseModel:97 - Database Exception..
java.lang.NullPointerException: Cannot invoke "java.util.Date.getTime()" because the return value of "com.sunilos.p4.bean.ProductBean.getOrderDate()" is null
	at com.sunilos.p4.model.ProductModel.update(ProductModel.java:85) [classes/:?]
	at com.sunilos.p4.model.test.TestProductModel.testupdate(TestProductModel.java:69) [classes/:?]
	at com.sunilos.p4.model.test.TestProductModel.main(TestProductModel.java:19) [classes/:?]
2026-06-08 23:07:57 DEBUG BasicResourcePool:1644 - trace com.mchange.v2.resourcepool.BasicResourcePool@2d778add [managed: 2, unused: 1, excluded: 0] (e.g. com.mchange.v2.c3p0.impl.NewPooledConnection@768b8a96)
2026-06-08 23:07:57 DEBUG NewProxyConnection:1260 - com.mchange.v2.c3p0.impl.NewProxyConnection@66c61024: close() called more than once.
